2025-05-30T11:53:19.673+0700 [INFO]  Terraform version: 1.12.1
2025-05-30T11:53:19.673+0700 [DEBUG] using github.com/hashicorp/go-tfe v1.74.1
2025-05-30T11:53:19.673+0700 [DEBUG] using github.com/hashicorp/hcl/v2 v2.23.1-0.20250203194505-ba0759438da2
2025-05-30T11:53:19.673+0700 [DEBUG] using github.com/hashicorp/terraform-svchost v0.1.1
2025-05-30T11:53:19.673+0700 [DEBUG] using github.com/zclconf/go-cty v1.16.2
2025-05-30T11:53:19.673+0700 [INFO]  Go runtime version: go1.24.2
2025-05-30T11:53:19.673+0700 [INFO]  CLI args: []string{"terraform", "init"}
2025-05-30T11:53:19.673+0700 [DEBUG] Attempting to open CLI config file: /Users/hoangnam/.terraformrc
2025-05-30T11:53:19.673+0700 [INFO]  Loading CLI configuration from /Users/hoangnam/.terraformrc
2025-05-30T11:53:19.673+0700 [DEBUG] ignoring non-existing provider search directory terraform.d/plugins
2025-05-30T11:53:19.673+0700 [DEBUG] ignoring non-existing provider search directory /Users/hoangnam/.terraform.d/plugins
2025-05-30T11:53:19.673+0700 [DEBUG] ignoring non-existing provider search directory /Users/hoangnam/Library/Application Support/io.terraform/plugins
2025-05-30T11:53:19.673+0700 [DEBUG] ignoring non-existing provider search directory /Library/Application Support/io.terraform/plugins
2025-05-30T11:53:19.674+0700 [INFO]  CLI command args: []string{"init"}
[0m[1mInitializing the backend...[0m
2025-05-30T11:53:19.674+0700 [DEBUG] checking for provisioner in "."
2025-05-30T11:53:19.675+0700 [DEBUG] checking for provisioner in "/opt/homebrew/bin"
[0m[1mInitializing modules...[0m
2025-05-30T11:53:19.676+0700 [DEBUG] Module installer: begin test
2025-05-30T11:53:19.678+0700 [DEBUG] Module installer: test installed at ../src
- test in ../src
2025-05-30T11:53:19.679+0700 [DEBUG] Module installer: begin vpc
2025-05-30T11:53:19.684+0700 [DEBUG] Module installer: vpc installed at ../../vpc/src
- vpc in ../../vpc/src
[0m[1mInitializing provider plugins...[0m
- Finding latest version of hashicorp/aws...
2025-05-30T11:53:19.686+0700 [DEBUG] Service discovery for registry.terraform.io at https://registry.terraform.io/.well-known/terraform.json
2025-05-30T11:53:19.785+0700 [DEBUG] GET https://registry.terraform.io/v1/providers/hashicorp/aws/versions
2025-05-30T11:53:19.876+0700 [DEBUG] GET https://registry.terraform.io/v1/providers/hashicorp/aws/5.99.0/download/darwin/arm64
2025-05-30T11:53:19.958+0700 [DEBUG] GET https://releases.hashicorp.com/terraform-provider-aws/5.99.0/terraform-provider-aws_5.99.0_SHA256SUMS
2025-05-30T11:53:20.268+0700 [DEBUG] GET https://releases.hashicorp.com/terraform-provider-aws/5.99.0/terraform-provider-aws_5.99.0_SHA256SUMS.72D7468F.sig
- Installing hashicorp/aws v5.99.0...
2025-05-30T11:53:24.303+0700 [DEBUG] Provider signed by 34365D9472D7468F HashiCorp Security (hashicorp.com/security) <security@hashicorp.com>
- Installed hashicorp/aws v5.99.0 (signed by HashiCorp)
Terraform has created a lock file [1m.terraform.lock.hcl[0m to record the provider
selections it made above. Include this file in your version control repository
so that Terraform can guarantee to make the same selections by default when
you run "terraform init" in the future.[0m

[0m[1m[32mTerraform has been successfully initialized![0m[32m[0m
[0m[32m
You may now begin working with Terraform. Try running "terraform plan" to see
any changes that are required for your infrastructure. All Terraform commands
should now work.

If you ever set or change modules or backend configuration for Terraform,
rerun this command to reinitialize your working directory. If you forget, other
commands will detect it and remind you to do so if necessary.[0m
